// Jest Snapshot v1, https://goo.gl/fbAQLP

exports[`snapshot test for card 1`] = `
<div
  className="Card"
>
  <h4
    className="Card-title"
  >
    testing image 1
  </h4>
  <img
    alt="testing image 1"
    className="Card-image"
    src="test1.com"
  />
  <small
    className="Card-small"
  >
    Image 
    1
     of 
    1
    .
  </small>
</div>
`;
