exports[`renders corectly 1`] = `
<div class="Carousel-main">
</i><div class="Card"><h4 class="Card-title">Photo by Richard Pasquarella on Unsplash</h4>
<img class="Card-image" src="/static/media/image1.08e1519e765278b10548.jpg" alt="Photo by Richard Pasquarella on Unsplash">
<small class="Card-small">Image 1 of 3.</small>
</div><i class="bi bi-arrow-right-circle"></i>
</div>
`;
